// Jest Snapshot v1, https://goo.gl/fbAQLP

exports[`Testing FirstApp should match the snapshot 1`] = `
<div>
  <h1>
    Hello, it is me
  </h1>
  <p>
    This is my subtitle
  </p>
</div>
`;
